
<html>
<body>
  <img class="illustration" width="11" height="22">
  <img class="decorator" width="100%" height="33">
</body>
</html>
