
<mjml>
  <mj-body>
    <mj-section>
      <mj-text>This is a label.</mj-text>
    </mj-section>
    <mj-section class="mj-section" full-width="full-width" text-align="center" background-color="tomato">
      <mj-text class="mj-text" font-family="'Inconsolata', monospace" color="#333">This is a label.</mj-text>
    </mj-section>
  </mj-body>
</mjml>
