<html>
<head>

</head>
<body>
    <table>
        <tr>
            <td>
                <table border="0">
                    <tr>
                        <td>
                            empty
                        </td>
                    </tr>
                </table>
            </td>
        </tr>
    </table>
    <table border="1" cellpadding="2" cellspacing="3">
        <tr>
            <td>
                empty
            </td>
        </tr>
    </table>
    <table class="table" align="left" bgcolor="red" width="100%" height="500" cellpadding="0" border="0" cellspacing="0">
        <thead class="thead" valign="baseline" align="center">
            <tr>
                <th class="th" bgcolor="green" width="50%" height="250" valign="bottom" align="right" nowrap="nowrap">
                    th
                </th>
            </tr>
        </thead>
        <tbody class="tbody" valign="baseline" align="center">
            <tr class="tr" bgcolor="blue" valign="top" align="left">
                <td class="td" bgcolor="green" width="50%" height="250" valign="bottom" align="right" nowrap="nowrap">
                    td
                </td>
            </tr>
        </tbody>
        <tfoot class="tfoot" valign="baseline" align="center">
            <tr>
                <td>
                    td
                </td>
            </tr>
        </tfoot>
    </table>
</body>
</html>
